// Jest Snapshot v1, https://goo.gl/fbAQLP

exports[`BookTableContainer should render component 1`] = `
<BookTableContainer>
  <Memo(BookTable)
    books={Array []}
  >
    <div>
      <Memo(TableHead)>
        <div
          className="root"
        >
          <div
            className="ceil"
            key="Title"
          >
            Title
          </div>
          <div
            className="ceil"
            key="Authors"
          >
            Authors
          </div>
          <div
            className="ceil"
            key="Publisher"
          >
            Publisher
          </div>
          <div
            className="ceil"
            key="Date"
          >
            Date
          </div>
        </div>
      </Memo(TableHead)>
      <TableBodyContainer
        books={Array []}
      >
        <TableBody
          books={Array []}
        >
          <div />
        </TableBody>
      </TableBodyContainer>
      <PaginationContainer>
        <Pagination
          currentPage={1}
          onPageClick={[Function]}
          pages={Array []}
        >
          <ul
            className="root"
          />
        </Pagination>
      </PaginationContainer>
    </div>
  </Memo(BookTable)>
</BookTableContainer>
`;
