// Jest Snapshot v1, https://goo.gl/fbAQLP

exports[`PaginationContainer should render component 1`] = `
<PaginationContainer>
  <Memo(Pagination)
    currentPage={1}
    onPageClick={[Function]}
    pages={
      Array [
        1,
        2,
      ]
    }
  >
    <ul
      className="root"
    >
      <PaginationPage
        currentPage={1}
        key="1"
        onPageClick={[Function]}
        page={1}
      >
        <li>
          <button
            aria-label="pagination-page"
            className="root"
            onClick={[Function]}
            tabIndex={0}
          >
            1
          </button>
        </li>
      </PaginationPage>
      <PaginationPage
        currentPage={1}
        key="2"
        onPageClick={[Function]}
        page={2}
      >
        <li>
          <button
            aria-label="pagination-page"
            className="root current"
            onClick={[Function]}
            tabIndex={-1}
          >
            2
          </button>
        </li>
      </PaginationPage>
    </ul>
  </Memo(Pagination)>
</PaginationContainer>
`;
