// Jest Snapshot v1, https://goo.gl/fbAQLP

exports[`Pagination should render component with props 1`] = `
<ul
  className="root"
>
  <Memo(PaginationPage)
    currentPage={1}
    key="1"
    onPageClick={[Function]}
    page={1}
  />
  <Memo(PaginationPage)
    currentPage={1}
    key="2"
    onPageClick={[Function]}
    page={2}
  />
  <Memo(PaginationPage)
    currentPage={1}
    key="3"
    onPageClick={[Function]}
    page={3}
  />
</ul>
`;

exports[`Pagination should render component without props 1`] = `
<ul
  className="root"
/>
`;
