// Jest Snapshot v1, https://goo.gl/fbAQLP

exports[`TableRow should render component 1`] = `
<div
  className="root"
>
  <div
    className="ceil"
    key="Title"
  >
    Title
  </div>
  <div
    className="ceil"
    key="Authors"
  >
    Authors
  </div>
  <div
    className="ceil"
    key="Publisher"
  >
    Publisher
  </div>
  <div
    className="ceil"
    key="Date"
  >
    Date
  </div>
</div>
`;
