// Jest Snapshot v1, https://goo.gl/fbAQLP

exports[`TableRow should render component 1`] = `
<div
  className="root"
>
  <div
    className="ceil"
    key="0"
  >
    test
  </div>
  <div
    className="ceil"
    key="1"
  >
    test
  </div>
  <div
    className="ceil"
    key="2"
  >
    date
  </div>
  <div
    className="ceil"
    key="3"
  >
    publisher
  </div>
</div>
`;
